================================================== 
[AG] build started 05.03.2026 18:55:58,30 
================================================== 
[AG] Running Next build... 
▲ Next.js 16.1.6 (Turbopack)
- Environments: .env.local, .env

  Creating an optimized production build ...
✓ Compiled successfully in 3.5s
  Running TypeScript ...
  Collecting page data using 31 workers ...
  Generating static pages using 31 workers (0/12) ...
  Generating static pages using 31 workers (3/12) 
  Generating static pages using 31 workers (6/12) 
  Generating static pages using 31 workers (9/12) 
✓ Generating static pages using 31 workers (12/12) in 540.0ms
  Finalizing page optimization ...

Route (app)
┌ ○ /
├ ○ /_not-found
├ ○ /account
├ ○ /admin
├ ○ /auth/login
├ ○ /auth/register
├ ○ /program
├ ○ /ratings
├ ○ /results
└ ○ /sync


○  (Static)  prerendered as static content

 
================================================== 
[AG] build finished 05.03.2026 18:56:08,56 (exit=0) 
================================================== 
[AG] END-OF-SCRIPT MARKER 
================================================== 
